// Vitest Snapshot v1, https://vitest.dev/guide/snapshot.html

exports[`findSpansByName > should find a span by name 1`] = `[]`;
