// Vitest Snapshot v1, https://vitest.dev/guide/snapshot.html

exports[`formatSpansForUi > should format spans for UI 1`] = `
[
  {
    "children": [],
    "colorClassName": "bg-red-500",
    "id": "11",
    "initiated": 1700085057720.6262,
    "name": "-",
    "slices": [
      "width:100%;margin-left:-5.421010862427522e-20%;",
    ],
    "start": 0,
    "time": 2337.679104,
    "waterfall": "width:100%;margin-left:0%;",
  },
  {
    "children": [],
    "colorClassName": "bg-red-500",
    "id": "12",
    "initiated": 1700085057720.6707,
    "name": "-",
    "slices": [
      "width:100%;margin-left:0%;",
    ],
    "start": 0.001905479666725036,
    "time": 2337.632512,
    "waterfall": "width:99.99800691207274%;margin-left:0.001905479666725036%;",
  },
  {
    "children": [],
    "colorClassName": "bg-red-500",
    "id": "13",
    "initiated": 1700085057720.7607,
    "name": "-",
    "slices": [
      "width:100%;margin-left:0%;",
    ],
    "start": 0.005760243130444648,
    "time": 2337.540352,
    "waterfall": "width:99.99406454034848%;margin-left:0.005760243130444648%;",
  },
  {
    "children": [],
    "colorClassName": "bg-red-500",
    "id": "14",
    "initiated": 1700085057720.7712,
    "name": "-",
    "slices": [
      "width:0.8600315126050421%;margin-left:0.004297766708984177%;",
      "width:9.158350840336134%;margin-left:77.95807843925697%;",
      "width:3.9915966386554618%;margin-left:82.49167468061351%;",
      "width:3.3350840336134455%;margin-left:84.08707116870455%;",
      "width:1.3950892857142858%;margin-left:86.9385981550531%;",
      "width:70.01050420168067%;margin-left:26.46460007638799%;",
      "width:4.237788865546219%;margin-left:86.719700909331%;",
      "width:1.4935661764705883%;margin-left:89.22199581787801%;",
      "width:3.12828256302521%;margin-left:92.99287298905453%;",
      "width:0.7910976890756303%;margin-left:95.25068337027949%;",
      "width:0.2658876050420168%;margin-left:99.72767636557269%;",
      "width:1.2867647058823528%;margin-left:98.70844684782573%;",
      "width:0.06236869747899159%;margin-left:99.93728032767245%;",
    ],
    "start": 0.0062092354657074435,
    "time": 2332.614656,
    "waterfall": "width:99.78335572271942%;margin-left:0.0062092354657074435%;",
  },
  {
    "children": [],
    "colorClassName": "bg-teal-500",
    "id": "4504149383184387",
    "initiated": 1700085057720.8862,
    "name": "-",
    "slices": [
      "width:100%;margin-left:-7.105427357601002e-15%;",
    ],
    "start": 0.011126249088463427,
    "time": 0.01536,
    "waterfall": "width:0.0006570619540431157%;margin-left:0.011126249088463427%;",
  },
  {
    "children": [],
    "colorClassName": "bg-teal-500",
    "id": "6755949196869635",
    "initiated": 1700085057720.911,
    "name": "-",
    "slices": [
      "width:100%;margin-left:0%;",
    ],
    "start": 0.012177548214932412,
    "time": 0.005376,
    "waterfall": "width:0.00022997168391509053%;margin-left:0.012177548214932412%;",
  },
  {
    "children": [],
    "colorClassName": "bg-red-500",
    "id": "15",
    "initiated": 1700085057720.775,
    "name": "-",
    "slices": [
      "width:0.5941460973982655%;margin-left:0.003951868437680539%;",
      "width:5.947715143428953%;margin-left:80.54327479999732%;",
      "width:2.770597064709807%;margin-left:83.36487232834703%;",
      "width:2.2473315543695795%;margin-left:84.85411015224128%;",
      "width:1.0361074049366243%;margin-left:87.07121327426503%;",
      "width:44.57346564376251%;margin-left:48.80887195638774%;",
      "width:2.8122915276851232%;margin-left:87.82516631046421%;",
      "width:1.025683789192795%;margin-left:89.45721088482225%;",
      "width:2.120163442294863%;margin-left:93.76281642767363%;",
      "width:0.6212474983322215%;margin-left:95.21294266861659%;",
      "width:0.2501667778519013%;margin-left:99.53354178488352%;",
      "width:35.969813208805874%;margin-left:63.89242055258796%;",
      "width:0.033355570380253496%;margin-left:99.94069741759392%;",
    ],
    "start": 0.006362549921650837,
    "time": 2337.523968,
    "waterfall": "width:99.99336367426417%;margin-left:0.006362549921650837%;",
  },
  {
    "children": [],
    "colorClassName": "bg-teal-500",
    "id": "9007749010554884",
    "initiated": 1700085060054.4126,
    "name": "-",
    "slices": [
      "width:100%;margin-left:0%;",
    ],
    "start": 99.83347859878035,
    "time": 3.884288,
    "waterfall": "width:0.16616001714493658%;margin-left:99.83347859878035%;",
  },
  {
    "children": [],
    "colorClassName": "bg-teal-500",
    "id": "549755813892",
    "initiated": 1700085060054.459,
    "name": "-",
    "slices": [
      "width:88.99514701684271%;margin-left:0.018364683571118923%;",
      "width:11.004852983157294%;margin-left:65.33993872493511%;",
    ],
    "start": 99.83546073567504,
    "time": 3.835136,
    "waterfall": "width:0.1640574188919986%;margin-left:99.83546073567504%;",
  },
  {
    "children": [],
    "colorClassName": "bg-teal-500",
    "id": "16",
    "initiated": 1700085060057.302,
    "name": "-",
    "slices": [
      "width:100%;margin-left:0%;",
    ],
    "start": 99.95708290336842,
    "time": 0.987136,
    "waterfall": "width:0.042227181579837576%;margin-left:99.95708290336842%;",
  },
]
`;
