// Vitest Snapshot v1, https://vitest.dev/guide/snapshot.html

exports[`recursivelyFindSpanByName > should recursively find a span by name 1`] = `[]`;
